15:38:44 **** Incremental Build of configuration Debug for project P1_2 ****
make -j4 all 
arm-none-eabi-gcc "../Src/main.c" -mcpu=cortex-m4 -std=gnu11 -g3 -DDEBUG -DSTM32 -DSTM32F429ZITx -DSTM32F4 -DNUCLEO_F429ZI -DUSE_HAL_DRIVER -DSTM32F429xx -c -I../Inc -I"/home/msb/ese2022/01-PdM/PdM_workspaceBaudino/P1_2/Drivers/STM32F4xx_HAL_Driver/Inc" -I"/home/msb/ese2022/01-PdM/PdM_workspaceBaudino/P1_2/Drivers/CMSIS/Include" -I"/home/msb/ese2022/01-PdM/PdM_workspaceBaudino/P1_2/Drivers/CMSIS/Device/ST/STM32F4xx/Include" -I"/home/msb/ese2022/01-PdM/PdM_workspaceBaudino/P1_2/Drivers/BSP/STM32F4xx_Nucleo_144" -I"/home/msb/ese2022/01-PdM/PdM_workspaceBaudino/P1_2/Drivers/Core/Inc" -O0 -ffunction-sections -fdata-sections -Wall -fstack-usage -MMD -MP -MF"Src/main.d" -MT"Src/main.o" --specs=nano.specs -mfpu=fpv4-sp-d16 -mfloat-abi=hard -mthumb -o "Src/main.o"
arm-none-eabi-gcc -o "P1_2.elf" @"objects.list"   -mcpu=cortex-m4 -T"/home/msb/ese2022/01-PdM/PdM_workspaceBaudino/P1_2/STM32F429ZITX_FLASH.ld" --specs=nosys.specs -Wl,-Map="P1_2.map" -Wl,--gc-sections -static --specs=nano.specs -mfpu=fpv4-sp-d16 -mfloat-abi=hard -mthumb -Wl,--start-group -lc -lm -Wl,--end-group
Finished building target: P1_2.elf
 
arm-none-eabi-size   P1_2.elf 
arm-none-eabi-objdump -h -S  P1_2.elf  > "P1_2.list"
   text	   data	    bss	    dec	    hex	filename
   6752	     36	   1572	   8360	   20a8	P1_2.elf
Finished building: default.size.stdout
 
Finished building: P1_2.list
 
15:38:52 **** Incremental Build of configuration Debug for project P1_2 ****
make -j4 all 
arm-none-eabi-size   P1_2.elf 
   text	   data	    bss	    dec	    hex	filename
   6752	     36	   1572	   8360	   20a8	P1_2.elf
Finished building: default.size.stdout
 
